CREATE EXTENSION simple;
SELECT int_func(10);
 int_func 
----------
       20
(1 row)

SELECT text_func('Ahoj');
NOTICE:  input string is: "Ahoj"
  text_func  
-------------
 Ahoj, svÄ›te
(1 row)

